[demo.w3layouts.com/demos_new/template_demo/17-12-2018/forest-demo_Free/2069386206/web/index.html]
[backblue.gif]
[fade.gif]
[index.html]
[demo.w3layouts.com/demos_new/template_demo/17-12-2018/forest-demo_Free/2069386206/web/css/bootstrap.min.css]
[demo.w3layouts.com/demos_new/template_demo/17-12-2018/forest-demo_Free/2069386206/web/css/font-awesome.min.css]
[demo.w3layouts.com/demos_new/template_demo/17-12-2018/forest-demo_Free/2069386206/web/css/style.css]
[demo.w3layouts.com/assests/css/font-awesome.min.css]
[m.servedby-buysellads.com/monetization.js]
[demo.w3layouts.com/demos_new/template_demo/17-12-2018/forest-demo_Free/2069386206/web/images/ab1.jpg]
[demo.w3layouts.com/demos_new/template_demo/17-12-2018/forest-demo_Free/2069386206/web/images/g1.jpg]
[demo.w3layouts.com/demos_new/template_demo/17-12-2018/forest-demo_Free/2069386206/web/images/g2.jpg]
[demo.w3layouts.com/demos_new/template_demo/17-12-2018/forest-demo_Free/2069386206/web/images/g3.jpg]
[demo.w3layouts.com/demos_new/template_demo/17-12-2018/forest-demo_Free/2069386206/web/images/g7.jpg]
[demo.w3layouts.com/demos_new/template_demo/17-12-2018/forest-demo_Free/2069386206/web/images/g4.jpg]
[demo.w3layouts.com/demos_new/template_demo/17-12-2018/forest-demo_Free/2069386206/web/images/t3.jpg]
[demo.w3layouts.com/demos_new/template_demo/17-12-2018/forest-demo_Free/2069386206/web/images/g5.jpg]
[demo.w3layouts.com/demos_new/template_demo/17-12-2018/forest-demo_Free/2069386206/web/images/g6.jpg]
[demo.w3layouts.com/demos_new/template_demo/17-12-2018/forest-demo_Free/2069386206/web/images/ab2.jpg]
[demo.w3layouts.com/demos_new/template_demo/17-12-2018/forest-demo_Free/2069386206/web/images/c1.jpg]
[demo.w3layouts.com/demos_new/template_demo/17-12-2018/forest-demo_Free/2069386206/web/images/c2.jpg]
[demo.w3layouts.com/demos_new/template_demo/17-12-2018/forest-demo_Free/2069386206/web/images/c3.jpg]
[demo.w3layouts.com/demos_new/template_demo/17-12-2018/forest-demo_Free/2069386206/web/images/t1.jpg]
[demo.w3layouts.com/demos_new/template_demo/17-12-2018/forest-demo_Free/2069386206/web/images/t2.jpg]
[demo.w3layouts.com/demos_new/template_demo/17-12-2018/forest-demo_Free/2069386206/web/images/t4.jpg]
[demo.w3layouts.com/demos_new/template_demo/17-12-2018/forest-demo_Free/2069386206/web/index.html]
[fonts.googleapis.com/cssaba3.css]
[fonts.googleapis.com/css0e2b.css]
[demo.w3layouts.com/demos_new/template_demo/17-12-2018/forest-demo_Free/2069386206/web/css/bootstrap.min.css]
[m.servedby-buysellads.com/monetization.js]
[demo.w3layouts.com/demos_new/template_demo/17-12-2018/forest-demo_Free/2069386206/web/fonts/fontawesome-webfont3e6e.eot]
[demo.w3layouts.com/demos_new/template_demo/17-12-2018/forest-demo_Free/2069386206/web/fonts/fontawesome-webfontd41d.eot]
[demo.w3layouts.com/demos_new/template_demo/17-12-2018/forest-demo_Free/2069386206/web/fonts/fontawesome-webfont3e6e.woff2]
[demo.w3layouts.com/demos_new/template_demo/17-12-2018/forest-demo_Free/2069386206/web/fonts/fontawesome-webfont3e6e.woff]
[demo.w3layouts.com/demos_new/template_demo/17-12-2018/forest-demo_Free/2069386206/web/fonts/fontawesome-webfont3e6e.ttf]
[demo.w3layouts.com/demos_new/template_demo/17-12-2018/forest-demo_Free/2069386206/web/css/font-awesome.min.css]
[demo.w3layouts.com/demos_new/template_demo/17-12-2018/forest-demo_Free/2069386206/web/images/b2.jpg]
[demo.w3layouts.com/demos_new/template_demo/17-12-2018/forest-demo_Free/2069386206/web/fonts/fontawesome-webfont3e6e.svg]
[demo.w3layouts.com/demos_new/template_demo/17-12-2018/forest-demo_Free/2069386206/web/images/s1.jpg]
[demo.w3layouts.com/demos_new/template_demo/17-12-2018/forest-demo_Free/2069386206/web/images/b3.jpg]
[demo.w3layouts.com/demos_new/template_demo/17-12-2018/forest-demo_Free/2069386206/web/images/b1.jpg]
[demo.w3layouts.com/demos_new/template_demo/17-12-2018/forest-demo_Free/2069386206/web/images/arrow.png]
[demo.w3layouts.com/demos_new/template_demo/17-12-2018/forest-demo_Free/2069386206/web/css/style.css]
[demo.w3layouts.com/assests/css/font-awesome.min.css]
[demo.w3layouts.com/demos_new/template_demo/17-12-2018/forest-demo_Free/2069386206/web/fonts/fontawesome-webfont3e6e.svg]
[demo.w3layouts.com/demos_new/template_demo/17-12-2018/forest-demo_Free/2069386206/web/images/b3.html]
[demo.w3layouts.com/assests/fonts/fontawesome-webfont3e6e.svg]
[demo.w3layouts.com/assests/fonts/fontawesome-webfont3e6e.svg]
